2026-09-13 02:10:08.713 EEST [15264] LOG:  starting PostgreSQL 18.6 on x86_64-windows, compiled by msvc-19.44.35228, 64-bit
2026-09-13 02:10:08.720 EEST [15264] LOG:  listening on IPv4 address "127.0.0.1", port 55441
2026-09-13 02:10:08.850 EEST [1136] LOG:  database system was interrupted; last known up at 2026-09-13 02:05:48 EEST
2026-09-13 02:10:09.059 EEST [1136] LOG:  database system was not properly shut down; automatic recovery in progress
2026-09-13 02:10:09.074 EEST [1136] LOG:  redo starts at 0/17E86E0
2026-09-13 02:10:09.088 EEST [1136] LOG:  invalid record length at 0/183A2C0: expected at least 24, got 0
2026-09-13 02:10:09.094 EEST [1136] LOG:  redo done at 0/183A288 system usage: CPU: user: 0.00 s, system: 0.01 s, elapsed: 0.01 s
2026-09-13 02:10:09.104 EEST [12116] LOG:  checkpoint starting: end-of-recovery immediate wait
2026-09-13 02:10:09.241 EEST [12116] LOG:  checkpoint complete: wrote 41 buffers (0.3%), wrote 3 SLRU buffers; 0 WAL file(s) added, 0 removed, 0 recycled; write=0.007 s, sync=0.089 s, total=0.144 s; sync files=11, longest=0.014 s, average=0.009 s; distance=327 kB, estimate=327 kB; lsn=0/183A2C0, redo lsn=0/183A2C0
2026-09-13 02:10:09.271 EEST [15264] LOG:  database system is ready to accept connections
2026-09-13 02:11:14.439 EEST [6908] ERROR:  permission denied to examine "data_directory"
2026-09-13 02:11:14.439 EEST [6908] DETAIL:  Only roles with privileges of the "pg_read_all_settings" role may examine this parameter.
2026-09-13 02:11:14.439 EEST [6908] STATEMENT:
	    SELECT current_database() AS database, current_user AS username, inet_server_port() AS port, current_setting('data_directory') AS "dataDirectory"

2026-09-13 02:11:14.516 EEST [1824] ERROR:  permission denied to examine "data_directory"
2026-09-13 02:11:14.516 EEST [1824] DETAIL:  Only roles with privileges of the "pg_read_all_settings" role may examine this parameter.
2026-09-13 02:11:14.516 EEST [1824] STATEMENT:
	    SELECT current_database() AS database, current_user AS username, inet_server_port() AS port, current_setting('data_directory') AS "dataDirectory"

2026-09-13 02:11:52.792 EEST [12940] WARNING:  there is no transaction in progress
2026-09-13 02:11:52.871 EEST [4280] WARNING:  there is no transaction in progress
2026-09-13 02:11:52.962 EEST [6916] WARNING:  there is no transaction in progress
2026-09-13 02:12:00.224 EEST [15536] WARNING:  there is no transaction in progress
2026-09-13 02:12:34.673 EEST [13664] WARNING:  there is no transaction in progress
2026-09-13 02:12:34.759 EEST [14132] WARNING:  there is no transaction in progress
2026-09-13 02:12:34.855 EEST [6616] WARNING:  there is no transaction in progress
2026-09-13 02:12:35.921 EEST [6416] WARNING:  there is no transaction in progress
2026-09-13 02:12:36.125 EEST [8688] WARNING:  there is no transaction in progress
2026-09-13 02:14:11.256 EEST [15244] WARNING:  there is no transaction in progress
2026-09-13 02:14:11.343 EEST [11696] WARNING:  there is no transaction in progress
2026-09-13 02:14:11.434 EEST [6456] WARNING:  there is no transaction in progress
2026-09-13 02:14:11.586 EEST [2692] WARNING:  there is no transaction in progress
2026-09-13 02:14:11.683 EEST [12064] WARNING:  there is no transaction in progress
2026-09-13 02:14:11.802 EEST [14264] WARNING:  there is no transaction in progress
2026-09-13 02:15:09.251 EEST [12116] LOG:  checkpoint starting: time
2026-09-13 02:17:50.707 EEST [12116] LOG:  checkpoint complete: wrote 1456 buffers (8.9%), wrote 3 SLRU buffers; 1 WAL file(s) added, 0 removed, 0 recycled; write=158.760 s, sync=2.343 s, total=161.457 s; sync files=663, longest=0.020 s, average=0.004 s; distance=7072 kB, estimate=7072 kB; lsn=0/1F22570, redo lsn=0/1F224E0
